// Vitest Snapshot v1, https://vitest.dev/guide/snapshot.html

exports[`lower > snapshot: Products UISpec 1`] = `"{"products":{"entity":"Products","fields":[{"label":"Quantity","name":"inventory.quantity","required":true,"type":"number"},{"label":"Warehouse Id","name":"inventory.warehouseId","required":true,"type":"string"},{"label":"Name","name":"name","required":true,"type":"string"},{"label":"Amount","name":"price.amount","required":true,"type":"number"},{"label":"Currency","name":"price.currency","options":["EUR","GBP","USD"],"required":true,"type":"enum"},{"label":"Sku","name":"sku","required":true,"type":"string"},{"label":"Status","name":"status","options":["active","archived","draft"],"required":true,"type":"enum"}],"filters":["sku","name","status","price.amount","inventory.quantity"],"form":{"fields":["inventory.quantity","inventory.warehouseId","name","price.amount","price.currency","sku","status"]},"idField":"sku","table":{"columns":["sku","name","status","price.amount","inventory.quantity"]}}}"`;

exports[`lower > snapshot: Users UISpec 1`] = `"{"users":{"entity":"Users","fields":[{"label":"Email","name":"email","required":true,"type":"string"},{"label":"Id","name":"id","required":true,"type":"string"},{"label":"First Name","name":"profile.firstName","required":true,"type":"string"},{"label":"Last Name","name":"profile.lastName","required":true,"type":"string"},{"label":"Status","name":"status","options":["active","invited","suspended"],"required":true,"type":"enum"}],"filters":["id","email","status","profile.firstName","profile.lastName"],"form":{"fields":["email","profile.firstName","profile.lastName","status"]},"idField":"id","table":{"columns":["id","email","status","profile.firstName","profile.lastName"]}}}"`;
