// Vitest Snapshot v1, https://vitest.dev/guide/snapshot.html

exports[`UiPlanIR schema and normalizer > normalizer produces byte-stable output 1`] = `"{"resources":[{"name":"Alpha","views":{"list":{"fields":[{"path":"id"}]}}},{"name":"Zebra","views":{"list":{"fields":[{"path":"a"},{"path":"b"}]}}}]}"`;

exports[`llmPlan with mock > golden Products ApiIR → mock UiPlanIR → snapshot 1`] = `"{"resources":[{"name":"Products","views":{"create":{"fields":[{"path":"name"}]},"detail":{"fields":[{"path":"id"},{"path":"name"}]},"edit":{"fields":[{"path":"name"}]},"list":{"fields":[{"path":"id"},{"path":"name"}]}}}]}"`;

exports[`llmPlan with mock > golden Users ApiIR → mock UiPlanIR → snapshot 1`] = `"{"resources":[{"name":"Users","views":{"create":{"fields":[{"path":"name"}]},"detail":{"fields":[{"path":"id"},{"path":"name"}]},"edit":{"fields":[{"path":"name"}]},"list":{"fields":[{"path":"id"},{"path":"name"}]}}}]}"`;
